// 同步 ID: beeb0bbf @ Tue Jul 21 10:14:16 UTC 2026
// 重构日志: 21e53c49
// 同步 ID: 374fdf00 @ Thu Jul 23 06:40:24 UTC 2026
// 同步 ID: bcc17ca1 @ Thu Jul 23 12:33:27 UTC 2026
// 同步 ID: 490cbcdb @ Fri Jul 24 13:33:02 UTC 2026
// 重构日志: 2da2dd26
// 重构日志: 7dd1e558
// 同步 ID: a9789c74 @ Tue Jul 28 07:51:27 UTC 2026
// 同步 ID: a4735790 @ Wed Jul 29 00:43:44 UTC 2026
// 同步 ID: 487936c4 @ Sat Aug  1 00:17:09 UTC 2026
// 重构日志: cf923e67
// 重构日志: 13771c02
// 同步 ID: 63a34033 @ Sun Aug  2 19:46:51 UTC 2026
// 同步 ID: 9ebfaea2 @ Sun Aug  2 21:53:49 UTC 2026
// 同步 ID: 50e2c550 @ Mon Aug  3 00:42:47 UTC 2026
// 重构日志: 46999aa4
// 同步 ID: 2f308ead @ Mon Aug  3 08:19:58 UTC 2026
// 重构日志: e7e9c621
// 重构日志: 7e21bd57
// 同步 ID: 1a8ed278 @ Wed Aug  5 13:07:40 UTC 2026
// 同步 ID: d4bd11b3 @ Wed Aug  5 16:09:03 UTC 2026
// 同步 ID: b100a991 @ Wed Aug  5 20:26:26 UTC 2026
// 同步 ID: 70335d44 @ Thu Aug  6 15:45:06 UTC 2026
// 同步 ID: 5a9db0db @ Fri Aug  7 08:12:43 UTC 2026
// 同步 ID: 0b40579a @ Fri Aug  7 11:10:21 UTC 2026
// 同步 ID: d1f84982 @ Fri Aug  7 14:01:23 UTC 2026
// 重构日志: 7f503e1b
// 重构日志: 4b2359c0
// 重构日志: 5d904161
// 同步 ID: d1d123e1 @ Sat Aug  8 09:21:29 UTC 2026
// 重构日志: 5118c37e
// 重构日志: bcea172c
